2026-05-11 21:14:38,745 | INFO     | app | Iniciando aplicación
2026-05-11 21:14:38,745 | INFO     | app | Cargando cámaras desde config_camaras.cfg
2026-05-11 21:14:38,745 | INFO     | app | Cámaras cargadas
2026-05-11 21:14:42,032 | ERROR    | app | Exception on / [GET]
Traceback (most recent call last):
  File "C:\Users\javier\Desktop\CEPY\aprende_camaras_python_v3\.venv\Lib\site-packages\flask\app.py", line 1511, in wsgi_app
    response = self.full_dispatch_request()
  File "C:\Users\javier\Desktop\CEPY\aprende_camaras_python_v3\.venv\Lib\site-packages\flask\app.py", line 919, in full_dispatch_request
    rv = self.handle_user_exception(e)
  File "C:\Users\javier\Desktop\CEPY\aprende_camaras_python_v3\.venv\Lib\site-packages\flask\app.py", line 917, in full_dispatch_request
    rv = self.dispatch_request()
  File "C:\Users\javier\Desktop\CEPY\aprende_camaras_python_v3\.venv\Lib\site-packages\flask\app.py", line 902, in dispatch_request
    return self.ensure_sync(self.view_functions[rule.endpoint])(**view_args)  # type: ignore[no-any-return]
           ~~~~~~~~~~~~~~~~~~~~~~~~~~~~~~~~~~~~~~~~~~~~~~~~~~~~^^^^^^^^^^^^^
  File "C:\Users\javier\Desktop\CEPY\aprende_camaras_python_v3\.venv\Lib\site-packages\flask_login\utils.py", line 290, in decorated_view
    return current_app.ensure_sync(func)(*args, **kwargs)
           ~~~~~~~~~~~~~~~~~~~~~~~~~~~~~^^^^^^^^^^^^^^^^^
  File "C:\Users\javier\Desktop\CEPY\aprende_camaras_python_v3\flask\camaras_todas_ip09\utils\security.py", line 17, in wrapper
    return f(*args, **kwargs)
  File "C:\Users\javier\Desktop\CEPY\aprende_camaras_python_v3\flask\camaras_todas_ip09\app.py", line 75, in index
    return render_template("index.html-BASE", camaras=camaras_config)
  File "C:\Users\javier\Desktop\CEPY\aprende_camaras_python_v3\.venv\Lib\site-packages\flask\templating.py", line 150, in render_template
    template = app.jinja_env.get_or_select_template(template_name_or_list)
  File "C:\Users\javier\Desktop\CEPY\aprende_camaras_python_v3\.venv\Lib\site-packages\jinja2\environment.py", line 1087, in get_or_select_template
    return self.get_template(template_name_or_list, parent, globals)
           ~~~~~~~~~~~~~~~~~^^^^^^^^^^^^^^^^^^^^^^^^^^^^^^^^^^^^^^^^
  File "C:\Users\javier\Desktop\CEPY\aprende_camaras_python_v3\.venv\Lib\site-packages\jinja2\environment.py", line 1016, in get_template
    return self._load_template(name, globals)
           ~~~~~~~~~~~~~~~~~~~^^^^^^^^^^^^^^^
  File "C:\Users\javier\Desktop\CEPY\aprende_camaras_python_v3\.venv\Lib\site-packages\jinja2\environment.py", line 975, in _load_template
    template = self.loader.load(self, name, self.make_globals(globals))
  File "C:\Users\javier\Desktop\CEPY\aprende_camaras_python_v3\.venv\Lib\site-packages\jinja2\loaders.py", line 126, in load
    source, filename, uptodate = self.get_source(environment, name)
                                 ~~~~~~~~~~~~~~~^^^^^^^^^^^^^^^^^^^
  File "C:\Users\javier\Desktop\CEPY\aprende_camaras_python_v3\.venv\Lib\site-packages\flask\templating.py", line 66, in get_source
    return self._get_source_fast(environment, template)
           ~~~~~~~~~~~~~~~~~~~~~^^^^^^^^^^^^^^^^^^^^^^^
  File "C:\Users\javier\Desktop\CEPY\aprende_camaras_python_v3\.venv\Lib\site-packages\flask\templating.py", line 100, in _get_source_fast
    raise TemplateNotFound(template)
jinja2.exceptions.TemplateNotFound: index.html-BASE
2026-05-11 21:15:33,177 | INFO     | app | Iniciando aplicación
2026-05-11 21:15:33,177 | INFO     | app | Cargando cámaras desde config_camaras.cfg
2026-05-11 21:15:33,178 | INFO     | app | Cámaras cargadas
2026-05-11 21:15:35,018 | INFO     | app | Iniciando aplicación
2026-05-11 21:15:35,018 | INFO     | app | Cargando cámaras desde config_camaras.cfg
2026-05-11 21:15:35,018 | INFO     | app | Cámaras cargadas
2026-05-11 21:17:56,819 | INFO     | app | Iniciando aplicación
2026-05-11 21:17:56,819 | INFO     | app | Cargando cámaras desde config_camaras.cfg
2026-05-11 21:17:56,819 | INFO     | app | Cámaras cargadas
2026-05-11 21:17:58,672 | INFO     | app | Iniciando aplicación
2026-05-11 21:17:58,673 | INFO     | app | Cargando cámaras desde config_camaras.cfg
2026-05-11 21:17:58,673 | INFO     | app | Cámaras cargadas
2026-05-11 21:19:36,289 | INFO     | app | Iniciando aplicación
2026-05-11 21:19:36,289 | INFO     | app | Cargando cámaras desde config_camaras.cfg
2026-05-11 21:19:36,289 | INFO     | app | Cámaras cargadas
2026-05-11 21:19:38,118 | INFO     | app | Iniciando aplicación
2026-05-11 21:19:38,119 | INFO     | app | Cargando cámaras desde config_camaras.cfg
2026-05-11 21:19:38,119 | INFO     | app | Cámaras cargadas
2026-05-11 21:19:45,262 | INFO     | app | Iniciando aplicación
2026-05-11 21:19:45,262 | INFO     | app | Cargando cámaras desde config_camaras.cfg
2026-05-11 21:19:45,263 | INFO     | app | Cámaras cargadas
2026-05-11 21:19:47,106 | INFO     | app | Iniciando aplicación
2026-05-11 21:19:47,106 | INFO     | app | Cargando cámaras desde config_camaras.cfg
2026-05-11 21:19:47,107 | INFO     | app | Cámaras cargadas
